
> @tenpennynovels/unified-backend@1.0.0 build
> tsc

src/modules/admin/controllers/ChatModerationController.ts(567,23): error TS2339: Property 'from' does not exist on type 'Document<unknown, {}, IOnGameMessage, {}, DefaultSchemaOptions> & IOnGameMessage & Required<{ _id: ObjectId; }> & { ...; } & { ...; }'.
src/modules/admin/controllers/ChatModerationController.ts(568,27): error TS2339: Property 'to' does not exist on type 'Document<unknown, {}, IOnGameMessage, {}, DefaultSchemaOptions> & IOnGameMessage & Required<{ _id: ObjectId; }> & { ...; } & { ...; }'.
src/modules/admin/controllers/ForumManagementController.ts(124,21): error TS2339: Property 'from' does not exist on type 'IOnGameMessage & Required<{ _id: ObjectId; }> & { __v: number; }'.
src/modules/admin/controllers/ForumManagementController.ts(124,36): error TS2339: Property 'from' does not exist on type 'IOnGameMessage & Required<{ _id: ObjectId; }> & { __v: number; }'.
src/modules/admin/controllers/ForumManagementController.ts(124,94): error TS2339: Property 'from' does not exist on type 'IOnGameMessage & Required<{ _id: ObjectId; }> & { __v: number; }'.
src/modules/admin/controllers/ForumManagementController.ts(125,20): error TS2339: Property 'to' does not exist on type 'IOnGameMessage & Required<{ _id: ObjectId; }> & { __v: number; }'.
src/modules/admin/controllers/ForumManagementController.ts(126,34): error TS2339: Property 'sentFromLocation' does not exist on type 'IOnGameMessage & Required<{ _id: ObjectId; }> & { __v: number; }'.
src/modules/admin/controllers/ForumManagementController.ts(344,19): error TS2339: Property 'conversationId' does not exist on type 'IOnGameMessage & Required<{ _id: ObjectId; }> & { __v: number; }'.
src/modules/admin/controllers/ForumManagementController.ts(346,35): error TS2339: Property 'conversationId' does not exist on type 'IOnGameMessage & Required<{ _id: ObjectId; }> & { __v: number; }'.
src/modules/admin/controllers/ForumManagementController.ts(359,27): error TS2339: Property 'from' does not exist on type 'IOnGameMessage & Required<{ _id: ObjectId; }> & { __v: number; }'.
src/modules/admin/controllers/ForumManagementController.ts(359,46): error TS2339: Property 'from' does not exist on type 'IOnGameMessage & Required<{ _id: ObjectId; }> & { __v: number; }'.
src/modules/admin/controllers/ForumManagementController.ts(359,108): error TS2339: Property 'from' does not exist on type 'IOnGameMessage & Required<{ _id: ObjectId; }> & { __v: number; }'.
src/modules/admin/controllers/ForumManagementController.ts(360,26): error TS2339: Property 'to' does not exist on type 'IOnGameMessage & Required<{ _id: ObjectId; }> & { __v: number; }'.
src/modules/admin/controllers/ForumManagementController.ts(361,40): error TS2339: Property 'sentFromLocation' does not exist on type 'IOnGameMessage & Required<{ _id: ObjectId; }> & { __v: number; }'.
src/modules/admin/controllers/ForumManagementController.ts(590,27): error TS2339: Property 'from' does not exist on type 'IOnGameMessage & Required<{ _id: ObjectId; }> & { __v: number; }'.
src/modules/admin/controllers/ForumManagementController.ts(590,85): error TS2339: Property 'from' does not exist on type 'IOnGameMessage & Required<{ _id: ObjectId; }> & { __v: number; }'.
src/modules/admin/controllers/ForumManagementController.ts(591,22): error TS2339: Property 'to' does not exist on type 'IOnGameMessage & Required<{ _id: ObjectId; }> & { __v: number; }'.
src/modules/admin/controllers/ForumManagementController.ts(596,27): error TS2339: Property 'from' does not exist on type 'IOnGameMessage & Required<{ _id: ObjectId; }> & { __v: number; }'.
src/modules/admin/controllers/ForumManagementController.ts(596,85): error TS2339: Property 'from' does not exist on type 'IOnGameMessage & Required<{ _id: ObjectId; }> & { __v: number; }'.
src/modules/admin/controllers/ForumManagementController.ts(597,22): error TS2339: Property 'to' does not exist on type 'IOnGameMessage & Required<{ _id: ObjectId; }> & { __v: number; }'.
src/modules/game/controllers/MessageController.ts(322,11): error TS2367: This comparison appears to be unintentional because the types 'ObjectId' and 'string' have no overlap.
src/modules/game/controllers/MessageController.ts(322,50): error TS18048: 'message.deliveredAt' is possibly 'undefined'.
src/modules/game/controllers/MessageController.ts(336,11): error TS2367: This comparison appears to be unintentional because the types 'ObjectId' and 'string' have no overlap.
src/modules/game/controllers/MessageController.ts(336,58): error TS2339: Property 'status' does not exist on type 'Document<unknown, {}, IOnGameMessage, {}, DefaultSchemaOptions> & IOnGameMessage & Required<{ _id: ObjectId; }> & { ...; } & { ...; }'.
src/modules/game/controllers/MessageController.ts(337,17): error TS2339: Property 'status' does not exist on type 'Document<unknown, {}, IOnGameMessage, {}, DefaultSchemaOptions> & IOnGameMessage & Required<{ _id: ObjectId; }> & { ...; } & { ...; }'.
src/modules/game/controllers/MessageController.ts(338,17): error TS2339: Property 'readAt' does not exist on type 'Document<unknown, {}, IOnGameMessage, {}, DefaultSchemaOptions> & IOnGameMessage & Required<{ _id: ObjectId; }> & { ...; } & { ...; }'.
src/modules/game/controllers/MessageController.ts(347,33): error TS2339: Property 'senderName' does not exist on type 'Document<unknown, {}, IOnGameMessage, {}, DefaultSchemaOptions> & IOnGameMessage & Required<{ _id: ObjectId; }> & { ...; } & { ...; }'.
src/modules/game/controllers/MessageController.ts(352,32): error TS2339: Property 'isPrivate' does not exist on type 'Document<unknown, {}, IOnGameMessage, {}, DefaultSchemaOptions> & IOnGameMessage & Required<{ _id: ObjectId; }> & { ...; } & { ...; }'.
src/modules/game/controllers/MessageController.ts(353,29): error TS2339: Property 'status' does not exist on type 'Document<unknown, {}, IOnGameMessage, {}, DefaultSchemaOptions> & IOnGameMessage & Required<{ _id: ObjectId; }> & { ...; } & { ...; }'.
src/modules/game/controllers/MessageController.ts(356,29): error TS2339: Property 'readAt' does not exist on type 'Document<unknown, {}, IOnGameMessage, {}, DefaultSchemaOptions> & IOnGameMessage & Required<{ _id: ObjectId; }> & { ...; } & { ...; }'.
src/modules/game/controllers/MessageController.ts(357,31): error TS2339: Property 'metadata' does not exist on type 'Document<unknown, {}, IOnGameMessage, {}, DefaultSchemaOptions> & IOnGameMessage & Required<{ _id: ObjectId; }> & { ...; } & { ...; }'.
src/modules/game/controllers/MessageController.ts(423,21): error TS18048: 'inGameMessage.deliveredAt' is possibly 'undefined'.
src/modules/game/services/MessageService.ts(239,15): error TS2339: Property 'markDelivered' does not exist on type 'Document<unknown, {}, IOnGameMessage, {}, DefaultSchemaOptions> & IOnGameMessage & Required<{ _id: ObjectId; }> & { ...; } & { ...; }'.
src/modules/game/services/MessageService.ts(284,19): error TS2339: Property 'markDeletedBySender' does not exist on type 'Document<unknown, {}, IOnGameMessage, {}, DefaultSchemaOptions> & IOnGameMessage & Required<{ _id: ObjectId; }> & { ...; } & { ...; }'.
src/modules/game/services/MessageService.ts(286,19): error TS2339: Property 'markDeletedByRecipient' does not exist on type 'Document<unknown, {}, IOnGameMessage, {}, DefaultSchemaOptions> & IOnGameMessage & Required<{ _id: ObjectId; }> & { ...; } & { ...; }'.
src/modules/game/services/MessageService.ts(316,17): error TS2339: Property 'markDeleted' does not exist on type 'Document<unknown, {}, IOffGameMessage, {}, DefaultSchemaOptions> & IOffGameMessage & Required<{ _id: ObjectId; }> & { ...; } & { ...; }'.
src/modules/game/services/OffGameThreadService.ts(34,49): error TS2339: Property 'orderParticipants' does not exist on type 'Model<IOffGameThread, {}, {}, {}, Document<unknown, {}, IOffGameThread, {}, DefaultSchemaOptions> & IOffGameThread & Required<...> & { ...; } & { ...; }, any, IOffGameThread>'.
src/modules/game/services/OffGameThreadService.ts(54,49): error TS7006: Parameter 'p' implicitly has an 'any' type.
src/modules/game/services/OffGameThreadService.ts(137,14): error TS2551: Property 'markDeletedBy' does not exist on type 'Document<unknown, {}, IOffGameThread, {}, DefaultSchemaOptions> & IOffGameThread & Required<{ _id: ObjectId; }> & { ...; } & { ...; }'. Did you mean 'deletedBy'?
src/modules/game/services/OffGameThreadService.ts(196,14): error TS2339: Property 'incrementUnreadCount' does not exist on type 'Document<unknown, {}, IOffGameThread, {}, DefaultSchemaOptions> & IOffGameThread & Required<{ _id: ObjectId; }> & { ...; } & { ...; }'.
src/modules/game/services/OffGameThreadService.ts(229,14): error TS2551: Property 'resetUnreadCount' does not exist on type 'Document<unknown, {}, IOffGameThread, {}, DefaultSchemaOptions> & IOffGameThread & Required<{ _id: ObjectId; }> & { ...; } & { ...; }'. Did you mean 'unreadCount'?
src/modules/game/services/OffGameThreadService.ts(264,14): error TS2551: Property 'updateTypingIndicator' does not exist on type 'Document<unknown, {}, IOffGameThread, {}, DefaultSchemaOptions> & IOffGameThread & Required<{ _id: ObjectId; }> & { ...; } & { ...; }'. Did you mean 'typingIndicators'?
src/modules/game/services/OnGameThreadService.ts(33,48): error TS2339: Property 'orderParticipants' does not exist on type 'Model<IOnGameThread, {}, {}, {}, Document<unknown, {}, IOnGameThread, {}, DefaultSchemaOptions> & IOnGameThread & Required<...> & { ...; } & { ...; }, any, IOnGameThread>'.
src/modules/game/services/OnGameThreadService.ts(53,49): error TS7006: Parameter 'p' implicitly has an 'any' type.
src/modules/game/services/OnGameThreadService.ts(136,14): error TS2551: Property 'markDeletedBy' does not exist on type 'Document<unknown, {}, IOnGameThread, {}, DefaultSchemaOptions> & IOnGameThread & Required<{ _id: ObjectId; }> & { ...; } & { ...; }'. Did you mean 'deletedBy'?
src/modules/game/services/OnGameThreadService.ts(198,14): error TS2339: Property 'incrementUnreadCount' does not exist on type 'Document<unknown, {}, IOnGameThread, {}, DefaultSchemaOptions> & IOnGameThread & Required<{ _id: ObjectId; }> & { ...; } & { ...; }'.
src/modules/game/services/OnGameThreadService.ts(231,14): error TS2551: Property 'resetUnreadCount' does not exist on type 'Document<unknown, {}, IOnGameThread, {}, DefaultSchemaOptions> & IOnGameThread & Required<{ _id: ObjectId; }> & { ...; } & { ...; }'. Did you mean 'unreadCount'?
